Component: ARM Compiler 5.06 update 6 (build 750) Tool: armlink [4d35ed]

==============================================================================

Image Symbol Table

    Local Symbols

    Symbol Name                              Value     Ov Type        Size  Object(Section)

    .text                                    0x00000000   Section        0  flashprg.o(.text)
    src\FlashDev.c                           0x00000000   Number         0  flashdev.o ABSOLUTE
    src\FlashPrg.c                           0x00000000   Number         0  flashprg.o ABSOLUTE
    .constdata                               0x000001bc   Section     4256  flashdev.o(.constdata)

    Global Symbols

    Symbol Name                              Value     Ov Type        Size  Object(Section)

    BuildAttributes$$THM_ISAv3M$S$PE$A:L22$X:L11$S22$IEEE1$IW$RWPI$~STKCKD$USESV7$~SHL$OSPACE$ROPI$EBA8$STANDARDLIB$REQ8$PRES8$EABIv2 0x00000000   Number         0  anon$$obj.o ABSOLUTE
    Init                                     0x00000001   Thumb Code    48  flashprg.o(.text)
    UnInit                                   0x00000031   Thumb Code    38  flashprg.o(.text)
    EraseChip                                0x00000057   Thumb Code    92  flashprg.o(.text)
    EraseSector                              0x000000b3   Thumb Code    88  flashprg.o(.text)
    ProgramPage                              0x0000010b   Thumb Code   130  flashprg.o(.text)
    FlashDevice                              0x000001bc   Data        4256  flashdev.o(.constdata)



==============================================================================

Memory Map of the image

  Image entry point : Not specified.

  Load Region PRG (Base: 0x00000000, Size: 0x000001bc, Max: 0xffffffff, PI)

    Execution Region PrgCode (Exec base: 0x00000000, Load base: 0x00000000, Size: 0x000001b8, Max: 0xffffffff, PI)

    Exec Addr    Load Addr    Size         Type   Attr      Idx    E Section Name        Object

    0x00000000   0x00000000   0x000001b8   Code   RO            1    .text               flashprg.o


    Execution Region PrgData (Exec base: 0x000001b8, Load base: 0x000001b8, Size: 0x00000004, Max: 0xffffffff, PI)

    Exec Addr    Load Addr    Size         Type   Attr      Idx    E Section Name        Object

    0x000001b8   0x000001b8   0x00000004   Data   RW           27    PDT$$ptr            anon$$obj.o



  Load Region DSCR (Base: 0x000001bc, Size: 0x000010a0, Max: 0xffffffff, PI)

    Execution Region DevDscr (Exec base: 0x000001bc, Load base: 0x000001bc, Size: 0x000010a0, Max: 0xffffffff, PI)

    Exec Addr    Load Addr    Size         Type   Attr      Idx    E Section Name        Object

    0x000001bc   0x000001bc   0x000010a0   Data   RO           18    .constdata          flashdev.o


==============================================================================

Image component sizes


      Code (inc. data)   RO Data    RW Data    ZI Data      Debug   Object Name

         0          0       4256          0          0        426   flashdev.o
       440         44          0          0          0       3896   flashprg.o

    ----------------------------------------------------------------------
       440         44       4256          4          0       4322   Object Totals
         0          0          0          4          0          0   (incl. Generated)
         0          0          0          0          0          0   (incl. Padding)

    ----------------------------------------------------------------------
         0          0          0          0          0          0   Library Totals
         0          0          0          0          0          0   (incl. Padding)

    ----------------------------------------------------------------------

==============================================================================


      Code (inc. data)   RO Data    RW Data    ZI Data      Debug   

       440         44       4256          4          0       4322   Grand Totals
       440         44       4256          4          0       4322   ELF Image Totals
       440         44       4256          4          0          0   ROM Totals

==============================================================================

    Total RO  Size (Code + RO Data)                 4696 (   4.59kB)
    Total RW  Size (RW Data + ZI Data)                 4 (   0.00kB)
    Total ROM Size (Code + RO Data + RW Data)       4700 (   4.59kB)

==============================================================================

